  console.log
    [dotenv@17.2.4] injecting env (7) from .env -- tip: ΓÜÖ∩╕Å  load multiple .env files with { path: ['.env.local', '.env'] }

      at _log (node_modules/dotenv/lib/main.js:142:11)

node.exe : FAIL tests/auth.test.js (23.657 s)
At line:1 char:1
+ & "C:\Program Files\nodejs/node.exe" "C:\Program Files\nodejs/node_mo ...
+ ~~~~~~~~~~~~~~~~~~~~~~~~~~~~~~~~~~~~~~~~~~~~~~~~~~~~~~~~~~~~~~~~~~~~~
    + CategoryInfo          : NotSpecified: (FAIL tests/auth.test.js (23.657 s):String) [], RemoteException
    + FullyQualifiedErrorId : NativeCommandError
 
  ΓùÅ Auth API /api/auth ΓÇ║ should not register user with existing email

    thrown: "Exceeded timeout of 5000 ms for a test.
    Add a timeout value to this test to increase the timeout, if this is a long-running test. See https://jestjs.io/docs/api#testname-fn-timeout."

    [0m [90m 43 |[39m     })[33m;[39m
     [90m 44 |[39m
    [31m[1m>[22m[39m[90m 45 |[39m     it([32m'should not register user with existing email'[39m[33m,[39m [36masync[39m () [33m=>[39m {
     [90m    |[39m     [31m[1m^[22m[39m
     [90m 46 |[39m         [90m// First registration[39m
     [90m 47 |[39m         [36mawait[39m request(app)[33m.[39mpost([32m'/api/auth/register'[39m)[33m.[39msend({
     [90m 48 |[39m             username[33m:[39m [32m'TestUser'[39m[33m,[39m[0m

      at it (tests/auth.test.js:45:5)
      at Object.describe (tests/auth.test.js:24:1)

  ΓùÅ Auth API /api/auth ΓÇ║ should login with valid credentials

    thrown: "Exceeded timeout of 5000 ms for a hook.
    Add a timeout value to this test to increase the timeout, if this is a long-running test. See https://jestjs.io/docs/api#testname-fn-timeout."

    [0m [90m 25 |[39m
     [90m 26 |[39m     [90m// Cleanup before running[39m
    [31m[1m>[22m[39m[90m 27 |[39m     beforeEach([36masync[39m () [33m=>[39m {
     [90m    |[39m     [31m[1m^[22m[39m
     [90m 28 |[39m         [36mawait[39m [33mUser[39m[33m.[39mdeleteOne({ email[33m:[39m [32m'test@example.com'[39m })[33m;[39m
     [90m 29 |[39m     })[33m;[39m
     [90m 30 |[39m[0m

      at beforeEach (tests/auth.test.js:27:5)
      at Object.describe (tests/auth.test.js:24:1)

  ΓùÅ Auth API /api/auth ΓÇ║ should not login with invalid password

    thrown: "Exceeded timeout of 5000 ms for a hook.
    Add a timeout value to this test to increase the timeout, if this is a long-running test. See https://jestjs.io/docs/api#testname-fn-timeout."

    [0m [90m 25 |[39m
     [90m 26 |[39m     [90m// Cleanup before running[39m
    [31m[1m>[22m[39m[90m 27 |[39m     beforeEach([36masync[39m () [33m=>[39m {
     [90m    |[39m     [31m[1m^[22m[39m
     [90m 28 |[39m         [36mawait[39m [33mUser[39m[33m.[39mdeleteOne({ email[33m:[39m [32m'test@example.com'[39m })[33m;[39m
     [90m 29 |[39m     })[33m;[39m
     [90m 30 |[39m[0m

      at beforeEach (tests/auth.test.js:27:5)
      at Object.describe (tests/auth.test.js:24:1)


  ΓùÅ Test suite failed to run

    thrown: "Exceeded timeout of 5000 ms for a hook.
    Add a timeout value to this test to increase the timeout, if this is a long-running test. See https://jestjs.io/docs/api#testname-fn-timeout."

    [0m [90m 13 |[39m })[33m;[39m
     [90m 14 |[39m
    [31m[1m>[22m[39m[90m 15 |[39m afterAll([36masync[39m () [33m=>[39m {
     [90m    |[39m [31m[1m^[22m[39m
     [90m 16 |[39m     [90m// Cleanup valid test user[39m
     [90m 17 |[39m     [36mawait[39m [33mUser[39m[33m.[39mdeleteOne({ email[33m:[39m [32m'test@example.com'[39m })[33m;[39m
     [90m 18 |[39m     [36mif[39m (mongoose[33m.[39mconnection[33m.[39mreadyState [33m!==[39m [35m0[39m) {[0m

      at Object.afterAll (tests/auth.test.js:15:1)

Test Suites: 1 failed, 1 total
Tests:       3 failed, 1 passed, 4 total
Snapshots:   0 total
Time:        23.75 s
Ran all test suites.
Jest did not exit one second after the test run has completed.

'This usually means that there are asynchronous operations that weren't stopped in your tests. Consider running Jest with `--detectOpenHandles` to troubleshoot this issue.
